Release 14.7 - xst P.20131013 (nt64)
Copyright (c) 1995-2013 Xilinx, Inc.  All rights reserved.
--> Parameter TMPDIR set to xst/projnav.tmp


Total REAL time to Xst completion: 0.00 secs
Total CPU time to Xst completion: 0.13 secs
 
--> Parameter xsthdpdir set to xst


Total REAL time to Xst completion: 0.00 secs
Total CPU time to Xst completion: 0.13 secs
 
--> Reading design: main01.prj

TABLE OF CONTENTS
  1) Synthesis Options Summary
  2) HDL Parsing
  3) HDL Elaboration
  4) HDL Synthesis
       4.1) HDL Synthesis Report
  5) Advanced HDL Synthesis
       5.1) Advanced HDL Synthesis Report
  6) Low Level Synthesis
  7) Partition Report
  8) Design Summary
       8.1) Primitive and Black Box Usage
       8.2) Device utilization summary
       8.3) Partition Resource Summary
       8.4) Timing Report
            8.4.1) Clock Information
            8.4.2) Asynchronous Control Signals Information
            8.4.3) Timing Summary
            8.4.4) Timing Details
            8.4.5) Cross Clock Domains Report


=========================================================================
*                      Synthesis Options Summary                        *
=========================================================================
---- Source Parameters
Input File Name                    : "main01.prj"
Ignore Synthesis Constraint File   : NO

---- Target Parameters
Output File Name                   : "main01"
Output Format                      : NGC
Target Device                      : xc6slx9-2-tqg144

---- Source Options
Top Module Name                    : main01
Automatic FSM Extraction           : YES
FSM Encoding Algorithm             : Auto
Safe Implementation                : No
FSM Style                          : LUT
RAM Extraction                     : Yes
RAM Style                          : Auto
ROM Extraction                     : Yes
Shift Register Extraction          : YES
ROM Style                          : Auto
Resource Sharing                   : YES
Asynchronous To Synchronous        : NO
Shift Register Minimum Size        : 2
Use DSP Block                      : Auto
Automatic Register Balancing       : No

---- Target Options
LUT Combining                      : Auto
Reduce Control Sets                : Auto
Add IO Buffers                     : YES
Global Maximum Fanout              : 100000
Add Generic Clock Buffer(BUFG)     : 16
Register Duplication               : YES
Optimize Instantiated Primitives   : NO
Use Clock Enable                   : Auto
Use Synchronous Set                : Auto
Use Synchronous Reset              : Auto
Pack IO Registers into IOBs        : Auto
Equivalent register Removal        : YES

---- General Options
Optimization Goal                  : Speed
Optimization Effort                : 1
Power Reduction                    : NO
Keep Hierarchy                     : No
Netlist Hierarchy                  : As_Optimized
RTL Output                         : Yes
Global Optimization                : AllClockNets
Read Cores                         : YES
Write Timing Constraints           : NO
Cross Clock Analysis               : NO
Hierarchy Separator                : /
Bus Delimiter                      : <>
Case Specifier                     : Maintain
Slice Utilization Ratio            : 100
BRAM Utilization Ratio             : 100
DSP48 Utilization Ratio            : 100
Auto BRAM Packing                  : NO
Slice Utilization Ratio Delta      : 5

=========================================================================


=========================================================================
*                          HDL Parsing                                  *
=========================================================================
Parsing VHDL file "C:\Users\benzs\Documents\GitHub\CWH_CountingStore\testTx\MUX2_4bit.vhd" into library work
Parsing entity <MUX2_4bit>.
Parsing architecture <Behavioral> of entity <mux2_4bit>.
Parsing VHDL file "C:\Users\benzs\Documents\GitHub\CWH_CountingStore\testTx\BCDto7seg.vhd" into library work
Parsing entity <BCDto7seg>.
Parsing architecture <Behavioral> of entity <bcdto7seg>.
Parsing VHDL file "C:\Users\benzs\Documents\GitHub\CWH_CountingStore\testTx\UART_TX.vhd" into library work
Parsing entity <UART_TX>.
Parsing architecture <RTL> of entity <uart_tx>.
Parsing VHDL file "C:\Users\benzs\Documents\GitHub\CWH_CountingStore\testTx\UART_RX.vhd" into library work
Parsing entity <UART_RX>.
Parsing architecture <rtl> of entity <uart_rx>.
Parsing VHDL file "C:\Users\benzs\Documents\GitHub\CWH_CountingStore\testTx\SwitchDis.vhd" into library work
Parsing entity <SwitchDis>.
Parsing architecture <Behavioral> of entity <switchdis>.
Parsing VHDL file "C:\Users\benzs\Documents\GitHub\CWH_CountingStore\testTx\Display.vhd" into library work
Parsing entity <Display>.
Parsing architecture <Behavioral> of entity <display>.
Parsing VHDL file "C:\Users\benzs\Documents\GitHub\CWH_CountingStore\testTx\Decoder1to4.vhd" into library work
Parsing entity <Decoder1to4>.
Parsing architecture <Behavioral> of entity <decoder1to4>.
Parsing VHDL file "C:\Users\benzs\Documents\GitHub\CWH_CountingStore\testTx\Decoder1to2.vhd" into library work
Parsing entity <Decoder1to2>.
Parsing architecture <Behavioral> of entity <decoder1to2>.
Parsing VHDL file "C:\Users\benzs\Documents\GitHub\CWH_CountingStore\testTx\CountMax.vhd" into library work
Parsing entity <CountMax>.
Parsing architecture <Behavioral> of entity <countmax>.
Parsing VHDL file "C:\Users\benzs\Documents\GitHub\CWH_CountingStore\testTx\CountCurrent.vhd" into library work
Parsing entity <CountCurrent>.
Parsing architecture <Behavioral> of entity <countcurrent>.
Parsing VHDL file "C:\Users\benzs\Documents\GitHub\CWH_CountingStore\testTx\ClockDividerV2.vhd" into library work
Parsing entity <ClockDividerV2>.
Parsing architecture <bhv> of entity <clockdividerv2>.
Parsing VHDL file "C:\Users\benzs\Documents\GitHub\CWH_CountingStore\testTx\CLKDivider.vhd" into library work
Parsing entity <ClockDivider>.
Parsing architecture <bhv> of entity <clockdivider>.
Parsing VHDL file "C:\Users\benzs\Documents\GitHub\CWH_CountingStore\testTx\bin2bcd.vhd" into library work
Parsing entity <bin2bcd>.
Parsing architecture <rtl> of entity <bin2bcd>.
Parsing VHDL file "C:\Users\benzs\Documents\GitHub\CWH_CountingStore\testTx\main01.vhd" into library work
Parsing entity <main01>.
Parsing architecture <Behavioral> of entity <main01>.

=========================================================================
*                            HDL Elaboration                            *
=========================================================================

Elaborating entity <main01> (architecture <Behavioral>) from library <work>.

Elaborating entity <UART_TX> (architecture <RTL>) with generics from library <work>.
INFO:HDLCompiler:679 - "C:\Users\benzs\Documents\GitHub\CWH_CountingStore\testTx\UART_TX.vhd" Line 126. Case statement is complete. others clause is never selected

Elaborating entity <Decoder1to4> (architecture <Behavioral>) from library <work>.

Elaborating entity <SwitchDis> (architecture <Behavioral>) from library <work>.

Elaborating entity <ClockDivider> (architecture <bhv>) from library <work>.

Elaborating entity <CountCurrent> (architecture <Behavioral>) from library <work>.

Elaborating entity <CountMax> (architecture <Behavioral>) from library <work>.

Elaborating entity <UART_RX> (architecture <rtl>) with generics from library <work>.
INFO:HDLCompiler:679 - "C:\Users\benzs\Documents\GitHub\CWH_CountingStore\testTx\UART_RX.vhd" Line 132. Case statement is complete. others clause is never selected

Elaborating entity <bin2bcd> (architecture <rtl>) from library <work>.

Elaborating entity <Display> (architecture <Behavioral>) from library <work>.

Elaborating entity <MUX2_4bit> (architecture <Behavioral>) from library <work>.

Elaborating entity <BCDto7seg> (architecture <Behavioral>) from library <work>.

Elaborating entity <Decoder1to2> (architecture <Behavioral>) from library <work>.
INFO:HDLCompiler:679 - "C:\Users\benzs\Documents\GitHub\CWH_CountingStore\testTx\Decoder1to2.vhd" Line 45. Case statement is complete. others clause is never selected

Elaborating entity <ClockDividerV2> (architecture <bhv>) from library <work>.

=========================================================================
*                           HDL Synthesis                               *
=========================================================================

Synthesizing Unit <main01>.
    Related source file is "C:\Users\benzs\Documents\GitHub\CWH_CountingStore\testTx\main01.vhd".
    Summary:
	no macro.
Unit <main01> synthesized.

Synthesizing Unit <UART_TX>.
    Related source file is "C:\Users\benzs\Documents\GitHub\CWH_CountingStore\testTx\UART_TX.vhd".
        g_CLKS_PER_BIT = 174
    Found 1-bit register for signal <o_TX_Serial>.
    Found 1-bit register for signal <r_TX_Done>.
    Found 8-bit register for signal <r_Clk_Count>.
    Found 3-bit register for signal <r_Bit_Index>.
    Found 8-bit register for signal <r_TX_Data>.
    Found 3-bit register for signal <r_SM_Main>.
    Found 1-bit register for signal <o_TX_Active>.
    Found finite state machine <FSM_0> for signal <r_SM_Main>.
    -----------------------------------------------------------------------
    | States             | 5                                              |
    | Transitions        | 9                                              |
    | Inputs             | 2                                              |
    | Outputs            | 6                                              |
    | Clock              | i_Clk (rising_edge)                            |
    | Power Up State     | s_idle                                         |
    | Encoding           | auto                                           |
    | Implementation     | LUT                                            |
    -----------------------------------------------------------------------
    Found 3-bit adder for signal <r_Bit_Index[2]_GND_7_o_add_10_OUT> created at line 95.
    Found 8-bit adder for signal <r_Clk_Count[7]_GND_7_o_add_17_OUT> created at line 110.
    Found 1-bit 8-to-1 multiplexer for signal <r_Bit_Index[2]_r_TX_Data[7]_Mux_6_o> created at line 85.
    Found 3-bit comparator greater for signal <r_Bit_Index[2]_PWR_7_o_LessThan_10_o> created at line 94
    Found 8-bit comparator greater for signal <r_Clk_Count[7]_PWR_7_o_LessThan_17_o> created at line 109
    Summary:
	inferred   2 Adder/Subtractor(s).
	inferred  22 D-type flip-flop(s).
	inferred   2 Comparator(s).
	inferred   8 Multiplexer(s).
	inferred   1 Finite State Machine(s).
Unit <UART_TX> synthesized.

Synthesizing Unit <Decoder1to4>.
    Related source file is "C:\Users\benzs\Documents\GitHub\CWH_CountingStore\testTx\Decoder1to4.vhd".
    Found 4-bit register for signal <Otmp>.
    Found 2-bit register for signal <count>.
    Found 2-bit adder for signal <count[1]_GND_8_o_add_1_OUT> created at line 46.
    Found 4x4-bit Read Only RAM for signal <PWR_9_o_GND_8_o_mux_8_OUT>
    Found 2-bit comparator greater for signal <count[1]_PWR_9_o_LessThan_1_o> created at line 45
    Summary:
	inferred   1 RAM(s).
	inferred   1 Adder/Subtractor(s).
	inferred   6 D-type flip-flop(s).
	inferred   1 Comparator(s).
Unit <Decoder1to4> synthesized.

Synthesizing Unit <SwitchDis>.
    Related source file is "C:\Users\benzs\Documents\GitHub\CWH_CountingStore\testTx\SwitchDis.vhd".
    Summary:
	inferred   8 Multiplexer(s).
Unit <SwitchDis> synthesized.

Synthesizing Unit <ClockDivider>.
    Related source file is "C:\Users\benzs\Documents\GitHub\CWH_CountingStore\testTx\CLKDivider.vhd".
    Found 1-bit register for signal <tmp>.
    Found 32-bit register for signal <count>.
    Found 32-bit adder for signal <count[31]_GND_13_o_add_0_OUT> created at line 23.
    Summary:
	inferred   1 Adder/Subtractor(s).
	inferred  33 D-type flip-flop(s).
	inferred   1 Multiplexer(s).
Unit <ClockDivider> synthesized.

Synthesizing Unit <CountCurrent>.
    Related source file is "C:\Users\benzs\Documents\GitHub\CWH_CountingStore\testTx\CountCurrent.vhd".
    Found 8-bit register for signal <tmp>.
    Found 8-bit adder for signal <tmp[7]_GND_16_o_add_2_OUT> created at line 49.
    Found 8-bit subtractor for signal <GND_16_o_GND_16_o_sub_7_OUT<7:0>> created at line 53.
    Found 8-bit comparator lessequal for signal <tmp[7]_Max[7]_LessThan_2_o> created at line 48
    Summary:
	inferred   1 Adder/Subtractor(s).
	inferred   8 D-type flip-flop(s).
	inferred   1 Comparator(s).
Unit <CountCurrent> synthesized.

Synthesizing Unit <CountMax>.
    Related source file is "C:\Users\benzs\Documents\GitHub\CWH_CountingStore\testTx\CountMax.vhd".
    Found 8-bit register for signal <tmp>.
    Found 8-bit adder for signal <tmp[7]_GND_17_o_add_1_OUT> created at line 48.
    Found 8-bit subtractor for signal <GND_17_o_GND_17_o_sub_5_OUT<7:0>> created at line 52.
    Found 8-bit comparator lessequal for signal <tmp[7]_GND_17_o_LessThan_1_o> created at line 47
    Found 8-bit comparator lessequal for signal <Current[7]_tmp[7]_LessThan_4_o> created at line 51
    Summary:
	inferred   1 Adder/Subtractor(s).
	inferred   8 D-type flip-flop(s).
	inferred   2 Comparator(s).
Unit <CountMax> synthesized.

Synthesizing Unit <UART_RX>.
    Related source file is "C:\Users\benzs\Documents\GitHub\CWH_CountingStore\testTx\UART_RX.vhd".
        g_CLKS_PER_BIT = 174
    Found 1-bit register for signal <r_RX_Data>.
    Found 1-bit register for signal <r_RX_DV>.
    Found 8-bit register for signal <r_Clk_Count>.
    Found 3-bit register for signal <r_Bit_Index>.
    Found 3-bit register for signal <r_SM_Main>.
    Found 8-bit register for signal <r_RX_Byte>.
    Found 1-bit register for signal <r_RX_Data_R>.
    Found finite state machine <FSM_1> for signal <r_SM_Main>.
    -----------------------------------------------------------------------
    | States             | 5                                              |
    | Transitions        | 11                                             |
    | Inputs             | 4                                              |
    | Outputs            | 4                                              |
    | Clock              | i_Clk (rising_edge)                            |
    | Power Up State     | s_idle                                         |
    | Encoding           | auto                                           |
    | Implementation     | LUT                                            |
    -----------------------------------------------------------------------
    Found 3-bit adder for signal <r_Bit_Index[2]_GND_18_o_add_11_OUT> created at line 104.
    Found 8-bit adder for signal <r_Clk_Count[7]_GND_18_o_add_19_OUT> created at line 117.
    Found 3-bit comparator greater for signal <r_Bit_Index[2]_PWR_28_o_LessThan_11_o> created at line 103
    Found 8-bit comparator greater for signal <r_Clk_Count[7]_PWR_28_o_LessThan_19_o> created at line 116
    Summary:
	inferred   2 Adder/Subtractor(s).
	inferred  22 D-type flip-flop(s).
	inferred   2 Comparator(s).
	inferred  14 Multiplexer(s).
	inferred   1 Finite State Machine(s).
Unit <UART_RX> synthesized.

Synthesizing Unit <bin2bcd>.
    Related source file is "C:\Users\benzs\Documents\GitHub\CWH_CountingStore\testTx\bin2bcd.vhd".
    Found 4-bit adder for signal <GND_19_o_GND_19_o_add_1_OUT> created at line 22.
    Found 4-bit adder for signal <n0059> created at line 26.
    Found 4-bit adder for signal <GND_19_o_GND_19_o_add_6_OUT> created at line 22.
    Found 4-bit adder for signal <n0061> created at line 26.
    Found 4-bit adder for signal <GND_19_o_GND_19_o_add_10_OUT> created at line 22.
    Found 4-bit adder for signal <n0063> created at line 26.
    Found 4-bit adder for signal <GND_19_o_GND_19_o_add_14_OUT> created at line 22.
    Found 4-bit adder for signal <n0065> created at line 26.
    Found 4-bit adder for signal <bin[4]_GND_19_o_add_18_OUT> created at line 22.
    Found 4-bit adder for signal <n0067> created at line 26.
    Found 3-bit comparator greater for signal <PWR_30_o_bin[7]_LessThan_1_o> created at line 21
    Found 4-bit comparator greater for signal <GND_19_o_GND_19_o_LessThan_4_o> created at line 25
    Found 4-bit comparator greater for signal <GND_19_o_GND_19_o_LessThan_6_o> created at line 21
    Found 4-bit comparator greater for signal <GND_19_o_GND_19_o_LessThan_8_o> created at line 25
    Found 4-bit comparator greater for signal <GND_19_o_GND_19_o_LessThan_10_o> created at line 21
    Found 4-bit comparator greater for signal <GND_19_o_GND_19_o_LessThan_12_o> created at line 25
    Found 4-bit comparator greater for signal <GND_19_o_GND_19_o_LessThan_14_o> created at line 21
    Found 4-bit comparator greater for signal <GND_19_o_GND_19_o_LessThan_16_o> created at line 25
    Found 4-bit comparator greater for signal <GND_19_o_bin[4]_LessThan_18_o> created at line 21
    Found 4-bit comparator greater for signal <GND_19_o_GND_19_o_LessThan_20_o> created at line 25
    Summary:
	inferred  10 Adder/Subtractor(s).
	inferred  10 Comparator(s).
	inferred  32 Multiplexer(s).
Unit <bin2bcd> synthesized.

Synthesizing Unit <Display>.
    Related source file is "C:\Users\benzs\Documents\GitHub\CWH_CountingStore\testTx\Display.vhd".
    Summary:
	no macro.
Unit <Display> synthesized.

Synthesizing Unit <MUX2_4bit>.
    Related source file is "C:\Users\benzs\Documents\GitHub\CWH_CountingStore\testTx\MUX2_4bit.vhd".
    Summary:
	inferred   1 Multiplexer(s).
Unit <MUX2_4bit> synthesized.

Synthesizing Unit <BCDto7seg>.
    Related source file is "C:\Users\benzs\Documents\GitHub\CWH_CountingStore\testTx\BCDto7seg.vhd".
    Found 16x7-bit Read Only RAM for signal <O>
    Summary:
	inferred   1 RAM(s).
Unit <BCDto7seg> synthesized.

Synthesizing Unit <Decoder1to2>.
    Related source file is "C:\Users\benzs\Documents\GitHub\CWH_CountingStore\testTx\Decoder1to2.vhd".
    Summary:
	no macro.
Unit <Decoder1to2> synthesized.

Synthesizing Unit <ClockDividerV2>.
    Related source file is "C:\Users\benzs\Documents\GitHub\CWH_CountingStore\testTx\ClockDividerV2.vhd".
    Found 1-bit register for signal <tmp>.
    Found 32-bit register for signal <count>.
    Found 32-bit adder for signal <count[31]_GND_24_o_add_0_OUT> created at line 23.
    Summary:
	inferred   1 Adder/Subtractor(s).
	inferred  33 D-type flip-flop(s).
	inferred   1 Multiplexer(s).
Unit <ClockDividerV2> synthesized.

=========================================================================
HDL Synthesis Report

Macro Statistics
# RAMs                                                 : 2
 16x7-bit single-port Read Only RAM                    : 1
 4x4-bit single-port Read Only RAM                     : 1
# Adders/Subtractors                                   : 19
 2-bit adder                                           : 1
 3-bit adder                                           : 2
 32-bit adder                                          : 2
 4-bit adder                                           : 10
 8-bit adder                                           : 2
 8-bit addsub                                          : 2
# Registers                                            : 20
 1-bit register                                        : 8
 2-bit register                                        : 1
 3-bit register                                        : 2
 32-bit register                                       : 2
 4-bit register                                        : 1
 8-bit register                                        : 6
# Comparators                                          : 18
 2-bit comparator greater                              : 1
 3-bit comparator greater                              : 3
 4-bit comparator greater                              : 9
 8-bit comparator greater                              : 2
 8-bit comparator lessequal                            : 3
# Multiplexers                                         : 65
 1-bit 2-to-1 multiplexer                              : 41
 1-bit 8-to-1 multiplexer                              : 1
 12-bit 2-to-1 multiplexer                             : 1
 3-bit 2-to-1 multiplexer                              : 4
 32-bit 2-to-1 multiplexer                             : 2
 4-bit 2-to-1 multiplexer                              : 1
 8-bit 2-to-1 multiplexer                              : 15
# FSMs                                                 : 2

=========================================================================

=========================================================================
*                       Advanced HDL Synthesis                          *
=========================================================================


Synthesizing (advanced) Unit <BCDto7seg>.
INFO:Xst:3218 - HDL ADVISOR - The RAM <Mram_O> will be implemented on LUTs either because you have described an asynchronous read or because of currently unsupported block RAM features. If you have described an asynchronous read, making it synchronous would allow you to take advantage of available block RAM resources, for optimized device usage and improved timings. Please refer to your documentation for coding guidelines.
    -----------------------------------------------------------------------
    | ram_type           | Distributed                         |          |
    -----------------------------------------------------------------------
    | Port A                                                              |
    |     aspect ratio   | 16-word x 7-bit                     |          |
    |     weA            | connected to signal <GND>           | high     |
    |     addrA          | connected to signal <I>             |          |
    |     diA            | connected to signal <GND>           |          |
    |     doA            | connected to signal <O>             |          |
    -----------------------------------------------------------------------
Unit <BCDto7seg> synthesized (advanced).

Synthesizing (advanced) Unit <ClockDivider>.
The following registers are absorbed into counter <count>: 1 register on signal <count>.
Unit <ClockDivider> synthesized (advanced).

Synthesizing (advanced) Unit <ClockDividerV2>.
The following registers are absorbed into counter <count>: 1 register on signal <count>.
Unit <ClockDividerV2> synthesized (advanced).

Synthesizing (advanced) Unit <CountCurrent>.
The following registers are absorbed into counter <tmp>: 1 register on signal <tmp>.
Unit <CountCurrent> synthesized (advanced).

Synthesizing (advanced) Unit <CountMax>.
The following registers are absorbed into counter <tmp>: 1 register on signal <tmp>.
Unit <CountMax> synthesized (advanced).

Synthesizing (advanced) Unit <Decoder1to4>.
The following registers are absorbed into counter <count>: 1 register on signal <count>.
INFO:Xst:3231 - The small RAM <Mram_PWR_9_o_GND_8_o_mux_8_OUT> will be implemented on LUTs in order to maximize performance and save block RAM resources. If you want to force its implementation on block, use option/constraint ram_style.
    -----------------------------------------------------------------------
    | ram_type           | Distributed                         |          |
    -----------------------------------------------------------------------
    | Port A                                                              |
    |     aspect ratio   | 4-word x 4-bit                      |          |
    |     weA            | connected to signal <GND>           | high     |
    |     addrA          | connected to signal <count>         |          |
    |     diA            | connected to signal <GND>           |          |
    |     doA            | connected to internal node          |          |
    -----------------------------------------------------------------------
Unit <Decoder1to4> synthesized (advanced).

=========================================================================
Advanced HDL Synthesis Report

Macro Statistics
# RAMs                                                 : 2
 16x7-bit single-port distributed Read Only RAM        : 1
 4x4-bit single-port distributed Read Only RAM         : 1
# Adders/Subtractors                                   : 14
 3-bit adder                                           : 7
 4-bit adder                                           : 5
 8-bit adder                                           : 2
# Counters                                             : 5
 2-bit up counter                                      : 1
 32-bit up counter                                     : 2
 8-bit updown counter                                  : 2
# Registers                                            : 50
 Flip-Flops                                            : 50
# Comparators                                          : 18
 2-bit comparator greater                              : 1
 3-bit comparator greater                              : 3
 4-bit comparator greater                              : 9
 8-bit comparator greater                              : 2
 8-bit comparator lessequal                            : 3
# Multiplexers                                         : 63
 1-bit 2-to-1 multiplexer                              : 41
 1-bit 8-to-1 multiplexer                              : 1
 12-bit 2-to-1 multiplexer                             : 1
 3-bit 2-to-1 multiplexer                              : 4
 4-bit 2-to-1 multiplexer                              : 1
 8-bit 2-to-1 multiplexer                              : 15
# FSMs                                                 : 2

=========================================================================

=========================================================================
*                         Low Level Synthesis                           *
=========================================================================
Analyzing FSM <MFsm> for best encoding.
Optimizing FSM <IC1/FSM_0> on signal <r_SM_Main[1:3]> with user encoding.
----------------------------
 State          | Encoding
----------------------------
 s_idle         | 000
 s_tx_start_bit | 001
 s_tx_data_bits | 010
 s_tx_stop_bit  | 011
 s_cleanup      | 100
----------------------------
Analyzing FSM <MFsm> for best encoding.
Optimizing FSM <IC7/FSM_1> on signal <r_SM_Main[1:3]> with user encoding.
----------------------------
 State          | Encoding
----------------------------
 s_idle         | 000
 s_rx_start_bit | 001
 s_rx_data_bits | 010
 s_rx_stop_bit  | 011
 s_cleanup      | 100
----------------------------

Optimizing unit <main01> ...

Optimizing unit <UART_TX> ...

Optimizing unit <UART_RX> ...

Optimizing unit <CountCurrent> ...

Optimizing unit <bin2bcd> ...
WARNING:Xst:1293 - FF/Latch <IC11/count_31> has a constant value of 0 in block <main01>. This FF/Latch will be trimmed during the optimization process.
WARNING:Xst:1896 - Due to other FF/Latch trimming, FF/Latch <IC11/count_30> has a constant value of 0 in block <main01>. This FF/Latch will be trimmed during the optimization process.
WARNING:Xst:1896 - Due to other FF/Latch trimming, FF/Latch <IC11/count_29> has a constant value of 0 in block <main01>. This FF/Latch will be trimmed during the optimization process.
WARNING:Xst:1896 - Due to other FF/Latch trimming, FF/Latch <IC11/count_28> has a constant value of 0 in block <main01>. This FF/Latch will be trimmed during the optimization process.
WARNING:Xst:1896 - Due to other FF/Latch trimming, FF/Latch <IC11/count_27> has a constant value of 0 in block <main01>. This FF/Latch will be trimmed during the optimization process.
WARNING:Xst:1896 - Due to other FF/Latch trimming, FF/Latch <IC11/count_26> has a constant value of 0 in block <main01>. This FF/Latch will be trimmed during the optimization process.
WARNING:Xst:1896 - Due to other FF/Latch trimming, FF/Latch <IC11/count_25> has a constant value of 0 in block <main01>. This FF/Latch will be trimmed during the optimization process.
WARNING:Xst:1896 - Due to other FF/Latch trimming, FF/Latch <IC11/count_24> has a constant value of 0 in block <main01>. This FF/Latch will be trimmed during the optimization process.
WARNING:Xst:1896 - Due to other FF/Latch trimming, FF/Latch <IC11/count_23> has a constant value of 0 in block <main01>. This FF/Latch will be trimmed during the optimization process.
WARNING:Xst:1896 - Due to other FF/Latch trimming, FF/Latch <IC11/count_22> has a constant value of 0 in block <main01>. This FF/Latch will be trimmed during the optimization process.
WARNING:Xst:1896 - Due to other FF/Latch trimming, FF/Latch <IC11/count_21> has a constant value of 0 in block <main01>. This FF/Latch will be trimmed during the optimization process.
WARNING:Xst:1896 - Due to other FF/Latch trimming, FF/Latch <IC11/count_20> has a constant value of 0 in block <main01>. This FF/Latch will be trimmed during the optimization process.
WARNING:Xst:1896 - Due to other FF/Latch trimming, FF/Latch <IC11/count_19> has a constant value of 0 in block <main01>. This FF/Latch will be trimmed during the optimization process.
WARNING:Xst:1896 - Due to other FF/Latch trimming, FF/Latch <IC11/count_18> has a constant value of 0 in block <main01>. This FF/Latch will be trimmed during the optimization process.
WARNING:Xst:1896 - Due to other FF/Latch trimming, FF/Latch <IC11/count_17> has a constant value of 0 in block <main01>. This FF/Latch will be trimmed during the optimization process.
WARNING:Xst:1896 - Due to other FF/Latch trimming, FF/Latch <IC4/count_31> has a constant value of 0 in block <main01>. This FF/Latch will be trimmed during the optimization process.
WARNING:Xst:1896 - Due to other FF/Latch trimming, FF/Latch <IC4/count_30> has a constant value of 0 in block <main01>. This FF/Latch will be trimmed during the optimization process.
WARNING:Xst:1896 - Due to other FF/Latch trimming, FF/Latch <IC4/count_29> has a constant value of 0 in block <main01>. This FF/Latch will be trimmed during the optimization process.
WARNING:Xst:1896 - Due to other FF/Latch trimming, FF/Latch <IC4/count_28> has a constant value of 0 in block <main01>. This FF/Latch will be trimmed during the optimization process.
WARNING:Xst:1896 - Due to other FF/Latch trimming, FF/Latch <IC4/count_27> has a constant value of 0 in block <main01>. This FF/Latch will be trimmed during the optimization process.
WARNING:Xst:1896 - Due to other FF/Latch trimming, FF/Latch <IC4/count_26> has a constant value of 0 in block <main01>. This FF/Latch will be trimmed during the optimization process.
WARNING:Xst:1896 - Due to other FF/Latch trimming, FF/Latch <IC4/count_25> has a constant value of 0 in block <main01>. This FF/Latch will be trimmed during the optimization process.
WARNING:Xst:1896 - Due to other FF/Latch trimming, FF/Latch <IC4/count_24> has a constant value of 0 in block <main01>. This FF/Latch will be trimmed during the optimization process.
WARNING:Xst:1896 - Due to other FF/Latch trimming, FF/Latch <IC4/count_23> has a constant value of 0 in block <main01>. This FF/Latch will be trimmed during the optimization process.
WARNING:Xst:1896 - Due to other FF/Latch trimming, FF/Latch <IC4/count_22> has a constant value of 0 in block <main01>. This FF/Latch will be trimmed during the optimization process.
WARNING:Xst:1896 - Due to other FF/Latch trimming, FF/Latch <IC4/count_21> has a constant value of 0 in block <main01>. This FF/Latch will be trimmed during the optimization process.
WARNING:Xst:1896 - Due to other FF/Latch trimming, FF/Latch <IC4/count_20> has a constant value of 0 in block <main01>. This FF/Latch will be trimmed during the optimization process.
INFO:Xst:2261 - The FF/Latch <IC7/r_SM_Main_FSM_FFd1> in Unit <main01> is equivalent to the following FF/Latch, which will be removed : <IC7/r_RX_DV> 
INFO:Xst:2261 - The FF/Latch <IC4/count_0> in Unit <main01> is equivalent to the following FF/Latch, which will be removed : <IC11/count_0> 
INFO:Xst:2261 - The FF/Latch <IC4/count_1> in Unit <main01> is equivalent to the following FF/Latch, which will be removed : <IC11/count_1> 
INFO:Xst:2261 - The FF/Latch <IC4/count_2> in Unit <main01> is equivalent to the following FF/Latch, which will be removed : <IC11/count_2> 
INFO:Xst:2261 - The FF/Latch <IC4/count_3> in Unit <main01> is equivalent to the following FF/Latch, which will be removed : <IC11/count_3> 
INFO:Xst:2261 - The FF/Latch <IC4/count_4> in Unit <main01> is equivalent to the following FF/Latch, which will be removed : <IC11/count_4> 

Mapping all equations...
Building and optimizing final netlist ...
Found area constraint ratio of 100 (+ 5) on block main01, actual ratio is 4.

Final Macro Processing ...

Processing Unit <main01> :
	Found 2-bit shift register for signal <IC7/r_RX_Data>.
Unit <main01> processed.

=========================================================================
Final Register Report

Macro Statistics
# Registers                                            : 103
 Flip-Flops                                            : 103
# Shift Registers                                      : 1
 2-bit shift register                                  : 1

=========================================================================

=========================================================================
*                           Partition Report                            *
=========================================================================

Partition Implementation Status
-------------------------------

  No Partitions were found in this design.

-------------------------------

=========================================================================
*                            Design Summary                             *
=========================================================================

Top Level Output File Name         : main01.ngc

Primitive and Black Box Usage:
------------------------------
# BELS                             : 348
#      GND                         : 1
#      INV                         : 9
#      LUT1                        : 35
#      LUT2                        : 47
#      LUT3                        : 30
#      LUT4                        : 19
#      LUT5                        : 25
#      LUT6                        : 73
#      MUXCY                       : 49
#      MUXF7                       : 11
#      VCC                         : 1
#      XORCY                       : 48
# FlipFlops/Latches                : 104
#      FD                          : 51
#      FDE                         : 51
#      FDR                         : 2
# Shift Registers                  : 1
#      SRLC16E                     : 1
# Clock Buffers                    : 2
#      BUFGP                       : 2
# IO Buffers                       : 16
#      IBUF                        : 2
#      OBUF                        : 14

Device utilization summary:
---------------------------

Selected Device : 6slx9tqg144-2 


Slice Logic Utilization: 
 Number of Slice Registers:             104  out of  11440     0%  
 Number of Slice LUTs:                  239  out of   5720     4%  
    Number used as Logic:               238  out of   5720     4%  
    Number used as Memory:                1  out of   1440     0%  
       Number used as SRL:                1

Slice Logic Distribution: 
 Number of LUT Flip Flop pairs used:    240
   Number with an unused Flip Flop:     136  out of    240    56%  
   Number with an unused LUT:             1  out of    240     0%  
   Number of fully used LUT-FF pairs:   103  out of    240    42%  
   Number of unique control sets:        15

IO Utilization: 
 Number of IOs:                          18
 Number of bonded IOBs:                  18  out of    102    17%  

Specific Feature Utilization:
 Number of BUFG/BUFGCTRLs:                2  out of     16    12%  

---------------------------
Partition Resource Summary:
---------------------------

  No Partitions were found in this design.

---------------------------


=========================================================================
Timing Report

NOTE: THESE TIMING NUMBERS ARE ONLY A SYNTHESIS ESTIMATE.
      FOR ACCURATE TIMING INFORMATION PLEASE REFER TO THE TRACE REPORT
      GENERATED AFTER PLACE-and-ROUTE.

Clock Information:
------------------
-----------------------------------+------------------------+-------+
Clock Signal                       | Clock buffer(FF name)  | Load  |
-----------------------------------+------------------------+-------+
CLK                                | BUFGP                  | 83    |
IC4/tmp                            | NONE(IC2/Otmp_3)       | 6     |
IC7/r_SM_Main_FSM_FFd1             | NONE(IC5/tmp_7)        | 8     |
but1                               | BUFGP                  | 8     |
-----------------------------------+------------------------+-------+
INFO:Xst:2169 - HDL ADVISOR - Some clock signals were not automatically buffered by XST with BUFG/BUFR resources. Please use the buffer_type constraint in order to insert these buffers to the clock signals to help prevent skew problems.

Asynchronous Control Signals Information:
----------------------------------------
No asynchronous control signals found in this design

Timing Summary:
---------------
Speed Grade: -2

   Minimum period: 5.217ns (Maximum Frequency: 191.681MHz)
   Minimum input arrival time before clock: 4.785ns
   Maximum output required time after clock: 11.243ns
   Maximum combinational path delay: No path found

Timing Details:
---------------
All values displayed in nanoseconds (ns)

=========================================================================
Timing constraint: Default period analysis for Clock 'CLK'
  Clock period: 4.880ns (frequency: 204.918MHz)
  Total number of paths / destination ports: 1807 / 116
-------------------------------------------------------------------------
Delay:               4.880ns (Levels of Logic = 4)
  Source:            IC7/r_Clk_Count_5 (FF)
  Destination:       IC7/r_Clk_Count_6 (FF)
  Source Clock:      CLK rising
  Destination Clock: CLK rising

  Data Path: IC7/r_Clk_Count_5 to IC7/r_Clk_Count_6
                                Gate     Net
    Cell:in->out      fanout   Delay   Delay  Logical Name (Net Name)
    ----------------------------------------  ------------
     FDE:C->Q              5   0.525   1.069  IC7/r_Clk_Count_5 (IC7/r_Clk_Count_5)
     LUT3:I0->O            1   0.235   0.682  IC7/GND_18_o_r_Clk_Count[7]_equal_2_o<7>_SW0 (N19)
     LUT6:I5->O           16   0.254   1.612  IC7/GND_18_o_r_Clk_Count[7]_equal_2_o<7> (IC7/GND_18_o_r_Clk_Count[7]_equal_2_o)
     LUT6:I1->O            1   0.254   0.000  IC7/r_Clk_Count_1_dpot_G (N64)
     MUXF7:I1->O           1   0.175   0.000  IC7/r_Clk_Count_1_dpot (IC7/r_Clk_Count_1_dpot)
     FDE:D                     0.074          IC7/r_Clk_Count_1
    ----------------------------------------
    Total                      4.880ns (1.517ns logic, 3.363ns route)
                                       (31.1% logic, 68.9% route)

=========================================================================
Timing constraint: Default period analysis for Clock 'IC4/tmp'
  Clock period: 2.983ns (frequency: 335.233MHz)
  Total number of paths / destination ports: 15 / 8
-------------------------------------------------------------------------
Delay:               2.983ns (Levels of Logic = 1)
  Source:            IC2/count_0 (FF)
  Destination:       IC2/count_0 (FF)
  Source Clock:      IC4/tmp rising
  Destination Clock: IC4/tmp rising

  Data Path: IC2/count_0 to IC2/count_0
                                Gate     Net
    Cell:in->out      fanout   Delay   Delay  Logical Name (Net Name)
    ----------------------------------------  ------------
     FDR:C->Q              6   0.525   0.984  IC2/count_0 (IC2/count_0)
     LUT2:I0->O            3   0.250   0.765  IC2/Mram_PWR_9_o_GND_8_o_mux_8_OUT31 (IC2/Mram_PWR_9_o_GND_8_o_mux_8_OUT3)
     FDR:R                     0.459          IC2/count_0
    ----------------------------------------
    Total                      2.983ns (1.234ns logic, 1.749ns route)
                                       (41.4% logic, 58.6% route)

=========================================================================
Timing constraint: Default period analysis for Clock 'IC7/r_SM_Main_FSM_FFd1'
  Clock period: 5.217ns (frequency: 191.681MHz)
  Total number of paths / destination ports: 224 / 16
-------------------------------------------------------------------------
Delay:               5.217ns (Levels of Logic = 4)
  Source:            IC5/tmp_0 (FF)
  Destination:       IC5/tmp_7 (FF)
  Source Clock:      IC7/r_SM_Main_FSM_FFd1 rising
  Destination Clock: IC7/r_SM_Main_FSM_FFd1 rising

  Data Path: IC5/tmp_0 to IC5/tmp_7
                                Gate     Net
    Cell:in->out      fanout   Delay   Delay  Logical Name (Net Name)
    ----------------------------------------  ------------
     FDE:C->Q              6   0.525   1.104  IC5/tmp_0 (IC5/tmp_0)
     LUT6:I3->O            1   0.235   0.910  IC5/_n0036_inv6 (IC5/_n0036_inv6)
     LUT5:I2->O            1   0.235   0.682  IC5/_n0036_inv8 (IC5/_n0036_inv8)
     LUT5:I4->O            8   0.254   0.944  IC5/_n0036_inv9_rstpot (IC5/_n0036_inv9_rstpot)
     LUT3:I2->O            1   0.254   0.000  IC5/tmp_0_dpot (IC5/tmp_0_dpot)
     FDE:D                     0.074          IC5/tmp_0
    ----------------------------------------
    Total                      5.217ns (1.577ns logic, 3.640ns route)
                                       (30.2% logic, 69.8% route)

=========================================================================
Timing constraint: Default period analysis for Clock 'but1'
  Clock period: 4.895ns (frequency: 204.290MHz)
  Total number of paths / destination ports: 272 / 8
-------------------------------------------------------------------------
Delay:               4.895ns (Levels of Logic = 4)
  Source:            IC6/tmp_1 (FF)
  Destination:       IC6/tmp_0 (FF)
  Source Clock:      but1 rising
  Destination Clock: but1 rising

  Data Path: IC6/tmp_1 to IC6/tmp_0
                                Gate     Net
    Cell:in->out      fanout   Delay   Delay  Logical Name (Net Name)
    ----------------------------------------  ------------
     FD:C->Q              10   0.525   1.116  IC6/tmp_1 (IC6/tmp_1)
     LUT6:I4->O            1   0.250   0.681  IC6/_n00212 (IC6/_n00211)
     MUXF7:S->O            1   0.185   0.681  IC6/_n00211 (IC6/_n00212)
     MUXF7:S->O            8   0.185   0.944  IC6/_n0026_inv4 (IC6/_n0026_inv)
     LUT3:I2->O            1   0.254   0.000  IC6/tmp_0_rstpot (IC6/tmp_0_rstpot)
     FD:D                      0.074          IC6/tmp_0
    ----------------------------------------
    Total                      4.895ns (1.473ns logic, 3.422ns route)
                                       (30.1% logic, 69.9% route)

=========================================================================
Timing constraint: Default OFFSET IN BEFORE for Clock 'but1'
  Total number of paths / destination ports: 60 / 8
-------------------------------------------------------------------------
Offset:              4.785ns (Levels of Logic = 11)
  Source:            sw1 (PAD)
  Destination:       IC6/tmp_7 (FF)
  Destination Clock: but1 rising

  Data Path: sw1 to IC6/tmp_7
                                Gate     Net
    Cell:in->out      fanout   Delay   Delay  Logical Name (Net Name)
    ----------------------------------------  ------------
     IBUF:I->O            11   1.328   1.038  sw1_IBUF (sw1_IBUF)
     INV:I->O              1   0.255   0.681  sw1_inv2_INV_0 (sw1_inv)
     MUXCY:CI->O           1   0.023   0.000  IC6/Mcount_tmp_cy<0> (IC6/Mcount_tmp_cy<0>)
     MUXCY:CI->O           1   0.023   0.000  IC6/Mcount_tmp_cy<1> (IC6/Mcount_tmp_cy<1>)
     MUXCY:CI->O           1   0.023   0.000  IC6/Mcount_tmp_cy<2> (IC6/Mcount_tmp_cy<2>)
     MUXCY:CI->O           1   0.023   0.000  IC6/Mcount_tmp_cy<3> (IC6/Mcount_tmp_cy<3>)
     MUXCY:CI->O           1   0.023   0.000  IC6/Mcount_tmp_cy<4> (IC6/Mcount_tmp_cy<4>)
     MUXCY:CI->O           1   0.023   0.000  IC6/Mcount_tmp_cy<5> (IC6/Mcount_tmp_cy<5>)
     MUXCY:CI->O           0   0.023   0.000  IC6/Mcount_tmp_cy<6> (IC6/Mcount_tmp_cy<6>)
     XORCY:CI->O           1   0.206   0.790  IC6/Mcount_tmp_xor<7> (Result<7>2)
     LUT3:I1->O            1   0.250   0.000  IC6/tmp_7_rstpot (IC6/tmp_7_rstpot)
     FD:D                      0.074          IC6/tmp_7
    ----------------------------------------
    Total                      4.785ns (2.276ns logic, 2.509ns route)
                                       (47.6% logic, 52.4% route)

=========================================================================
Timing constraint: Default OFFSET IN BEFORE for Clock 'CLK'
  Total number of paths / destination ports: 1 / 1
-------------------------------------------------------------------------
Offset:              2.009ns (Levels of Logic = 1)
  Source:            rx (PAD)
  Destination:       IC7/Mshreg_r_RX_Data (FF)
  Destination Clock: CLK rising

  Data Path: rx to IC7/Mshreg_r_RX_Data
                                Gate     Net
    Cell:in->out      fanout   Delay   Delay  Logical Name (Net Name)
    ----------------------------------------  ------------
     IBUF:I->O             1   1.328   0.681  rx_IBUF (rx_IBUF)
     SRLC16E:D                -0.060          IC7/Mshreg_r_RX_Data
    ----------------------------------------
    Total                      2.009ns (1.328ns logic, 0.681ns route)
                                       (66.1% logic, 33.9% route)

=========================================================================
Timing constraint: Default OFFSET OUT AFTER for Clock 'CLK'
  Total number of paths / destination ports: 33 / 12
-------------------------------------------------------------------------
Offset:              7.465ns (Levels of Logic = 3)
  Source:            IC11/tmp (FF)
  Destination:       Data7<6> (PAD)
  Source Clock:      CLK rising

  Data Path: IC11/tmp to Data7<6>
                                Gate     Net
    Cell:in->out      fanout   Delay   Delay  Logical Name (Net Name)
    ----------------------------------------  ------------
     FDE:C->Q             12   0.525   1.499  IC11/tmp (IC11/tmp)
     LUT5:I0->O            7   0.254   1.340  IC9/IC1/Mmux_O3 (IC9/A<2>)
     LUT6:I1->O            1   0.254   0.681  IC9/IC2/Mram_O61 (Data7_6_OBUF)
     OBUF:I->O                 2.912          Data7_6_OBUF (Data7<6>)
    ----------------------------------------
    Total                      7.465ns (3.945ns logic, 3.520ns route)
                                       (52.8% logic, 47.2% route)

=========================================================================
Timing constraint: Default OFFSET OUT AFTER for Clock 'but1'
  Total number of paths / destination ports: 1561 / 7
-------------------------------------------------------------------------
Offset:              11.243ns (Levels of Logic = 6)
  Source:            IC6/tmp_6 (FF)
  Destination:       Data7<6> (PAD)
  Source Clock:      but1 rising

  Data Path: IC6/tmp_6 to Data7<6>
                                Gate     Net
    Cell:in->out      fanout   Delay   Delay  Logical Name (Net Name)
    ----------------------------------------  ------------
     FD:C->Q              15   0.525   1.585  IC6/tmp_6 (IC6/tmp_6)
     LUT5:I0->O            5   0.254   1.271  IC8/Mmux_GND_19_o_GND_19_o_MUX_112_o111 (IC8/Madd_GND_19_o_GND_19_o_add_14_OUT_lut<3>)
     LUT5:I0->O            4   0.254   0.804  IC8/Mmux_GND_19_o_GND_19_o_MUX_120_o11 (IC8/Madd_n0067_Madd_cy<0>)
     LUT6:I5->O            2   0.254   0.834  IC8/GND_19_o_GND_19_o_LessThan_20_o1 (IC8/GND_19_o_GND_19_o_LessThan_20_o)
     LUT4:I2->O            7   0.250   1.365  IC9/IC1/Mmux_O2 (IC9/A<1>)
     LUT6:I0->O            1   0.254   0.681  IC9/IC2/Mram_O61 (Data7_6_OBUF)
     OBUF:I->O                 2.912          Data7_6_OBUF (Data7<6>)
    ----------------------------------------
    Total                     11.243ns (4.703ns logic, 6.540ns route)
                                       (41.8% logic, 58.2% route)

=========================================================================

Cross Clock Domains Report:
--------------------------

Clock to Setup on destination clock CLK
----------------------+---------+---------+---------+---------+
                      | Src:Rise| Src:Fall| Src:Rise| Src:Fall|
Source Clock          |Dest:Rise|Dest:Rise|Dest:Fall|Dest:Fall|
----------------------+---------+---------+---------+---------+
CLK                   |    4.880|         |         |         |
IC4/tmp               |    2.252|         |         |         |
IC7/r_SM_Main_FSM_FFd1|    2.006|         |         |         |
but1                  |    2.284|         |         |         |
----------------------+---------+---------+---------+---------+

Clock to Setup on destination clock IC4/tmp
---------------+---------+---------+---------+---------+
               | Src:Rise| Src:Fall| Src:Rise| Src:Fall|
Source Clock   |Dest:Rise|Dest:Rise|Dest:Fall|Dest:Fall|
---------------+---------+---------+---------+---------+
IC4/tmp        |    2.983|         |         |         |
---------------+---------+---------+---------+---------+

Clock to Setup on destination clock IC7/r_SM_Main_FSM_FFd1
----------------------+---------+---------+---------+---------+
                      | Src:Rise| Src:Fall| Src:Rise| Src:Fall|
Source Clock          |Dest:Rise|Dest:Rise|Dest:Fall|Dest:Fall|
----------------------+---------+---------+---------+---------+
CLK                   |    5.595|         |         |         |
IC7/r_SM_Main_FSM_FFd1|    5.217|         |         |         |
but1                  |    5.637|         |         |         |
----------------------+---------+---------+---------+---------+

Clock to Setup on destination clock but1
----------------------+---------+---------+---------+---------+
                      | Src:Rise| Src:Fall| Src:Rise| Src:Fall|
Source Clock          |Dest:Rise|Dest:Rise|Dest:Fall|Dest:Fall|
----------------------+---------+---------+---------+---------+
IC7/r_SM_Main_FSM_FFd1|    5.114|         |         |         |
but1                  |    4.895|         |         |         |
----------------------+---------+---------+---------+---------+

=========================================================================


Total REAL time to Xst completion: 6.00 secs
Total CPU time to Xst completion: 5.98 secs
 
--> 

Total memory usage is 4503192 kilobytes

Number of errors   :    0 (   0 filtered)
Number of warnings :   27 (   0 filtered)
Number of infos    :    9 (   0 filtered)

