--------------------------------------------------------------------------------
Release 14.7 Trace  (nt64)
Copyright (c) 1995-2013 Xilinx, Inc.  All rights reserved.

C:\Xilinx\14.7\ISE_DS\ISE\bin\nt64\unwrapped\trce.exe -intstyle ise -v 3 -s 2
-n 3 -fastpaths -xml main01.twx main01.ncd -o main01.twr main01.pcf -ucf
main01.ucf

Design file:              main01.ncd
Physical constraint file: main01.pcf
Device,package,speed:     xc6slx9,tqg144,C,-2 (PRODUCTION 1.23 2013-10-13)
Report level:             verbose report

Environment Variable      Effect 
--------------------      ------ 
NONE                      No environment variables were set
--------------------------------------------------------------------------------

INFO:Timing:2698 - No timing constraints found, doing default enumeration.
INFO:Timing:3412 - To improve timing, see the Timing Closure User Guide (UG612).
INFO:Timing:2752 - To get complete path coverage, use the unconstrained paths 
   option. All paths that are not constrained will be reported in the 
   unconstrained paths section(s) of the report.
INFO:Timing:3339 - The clock-to-out numbers in this timing report are based on 
   a 50 Ohm transmission line loading model.  For the details of this model, 
   and for more information on accounting for different loading conditions, 
   please see the device datasheet.



Data Sheet report:
-----------------
All values displayed in nanoseconds (ns)

Setup/Hold to clock CLK
------------+------------+------------+------------+------------+------------------+--------+
            |Max Setup to|  Process   |Max Hold to |  Process   |                  | Clock  |
Source      | clk (edge) |   Corner   | clk (edge) |   Corner   |Internal Clock(s) | Phase  |
------------+------------+------------+------------+------------+------------------+--------+
rx          |    2.461(R)|      SLOW  |   -0.913(R)|      FAST  |CLK_BUFGP         |   0.000|
------------+------------+------------+------------+------------+------------------+--------+

Setup/Hold to clock but1
------------+------------+------------+------------+------------+------------------+--------+
            |Max Setup to|  Process   |Max Hold to |  Process   |                  | Clock  |
Source      | clk (edge) |   Corner   | clk (edge) |   Corner   |Internal Clock(s) | Phase  |
------------+------------+------------+------------+------------+------------------+--------+
sw1         |    0.784(R)|      SLOW  |    1.994(R)|      SLOW  |but1_BUFGP        |   0.000|
------------+------------+------------+------------+------------+------------------+--------+

Clock CLK to Pad
------------+-----------------+------------+-----------------+------------+------------------+--------+
            |Max (slowest) clk|  Process   |Min (fastest) clk|  Process   |                  | Clock  |
Destination |  (edge) to PAD  |   Corner   |  (edge) to PAD  |   Corner   |Internal Clock(s) | Phase  |
------------+-----------------+------------+-----------------+------------+------------------+--------+
Data7<0>    |        12.480(R)|      SLOW  |         4.962(R)|      FAST  |CLK_BUFGP         |   0.000|
Data7<1>    |        12.340(R)|      SLOW  |         4.880(R)|      FAST  |CLK_BUFGP         |   0.000|
Data7<2>    |        12.556(R)|      SLOW  |         4.914(R)|      FAST  |CLK_BUFGP         |   0.000|
Data7<3>    |        12.788(R)|      SLOW  |         5.107(R)|      FAST  |CLK_BUFGP         |   0.000|
Data7<4>    |        13.269(R)|      SLOW  |         5.044(R)|      FAST  |CLK_BUFGP         |   0.000|
Data7<5>    |        12.673(R)|      SLOW  |         5.039(R)|      FAST  |CLK_BUFGP         |   0.000|
Data7<6>    |        13.136(R)|      SLOW  |         5.474(R)|      FAST  |CLK_BUFGP         |   0.000|
led1        |         9.346(R)|      SLOW  |         3.831(R)|      FAST  |CLK_BUFGP         |   0.000|
led2        |        10.351(R)|      SLOW  |         4.346(R)|      FAST  |CLK_BUFGP         |   0.000|
seg<0>      |        10.539(R)|      SLOW  |         4.570(R)|      FAST  |CLK_BUFGP         |   0.000|
seg<1>      |        10.782(R)|      SLOW  |         4.761(R)|      FAST  |CLK_BUFGP         |   0.000|
tx          |        10.744(R)|      SLOW  |         4.575(R)|      FAST  |CLK_BUFGP         |   0.000|
------------+-----------------+------------+-----------------+------------+------------------+--------+

Clock but1 to Pad
------------+-----------------+------------+-----------------+------------+------------------+--------+
            |Max (slowest) clk|  Process   |Min (fastest) clk|  Process   |                  | Clock  |
Destination |  (edge) to PAD  |   Corner   |  (edge) to PAD  |   Corner   |Internal Clock(s) | Phase  |
------------+-----------------+------------+-----------------+------------+------------------+--------+
Data7<0>    |        18.812(R)|      SLOW  |         6.854(R)|      FAST  |but1_BUFGP        |   0.000|
Data7<1>    |        18.546(R)|      SLOW  |         6.990(R)|      FAST  |but1_BUFGP        |   0.000|
Data7<2>    |        19.170(R)|      SLOW  |         6.998(R)|      FAST  |but1_BUFGP        |   0.000|
Data7<3>    |        19.329(R)|      SLOW  |         7.250(R)|      FAST  |but1_BUFGP        |   0.000|
Data7<4>    |        19.442(R)|      SLOW  |         7.366(R)|      FAST  |but1_BUFGP        |   0.000|
Data7<5>    |        19.028(R)|      SLOW  |         7.205(R)|      FAST  |but1_BUFGP        |   0.000|
Data7<6>    |        19.468(R)|      SLOW  |         7.131(R)|      FAST  |but1_BUFGP        |   0.000|
------------+-----------------+------------+-----------------+------------+------------------+--------+

Clock to Setup on destination clock CLK
---------------+---------+---------+---------+---------+
               | Src:Rise| Src:Fall| Src:Rise| Src:Fall|
Source Clock   |Dest:Rise|Dest:Rise|Dest:Fall|Dest:Fall|
---------------+---------+---------+---------+---------+
CLK            |    4.225|         |         |         |
but1           |    7.839|         |         |         |
---------------+---------+---------+---------+---------+

Clock to Setup on destination clock but1
---------------+---------+---------+---------+---------+
               | Src:Rise| Src:Fall| Src:Rise| Src:Fall|
Source Clock   |Dest:Rise|Dest:Rise|Dest:Fall|Dest:Fall|
---------------+---------+---------+---------+---------+
but1           |    5.308|         |         |         |
---------------+---------+---------+---------+---------+


Analysis completed Thu May 27 23:56:12 2021 
--------------------------------------------------------------------------------

Trace Settings:
-------------------------
Trace Settings 

Peak Memory Usage: 4572 MB



