V3 24
FL C:/Users/benzs/Documents/GitHub/CWH_CountingStore/fgpa/BCDto7seg.vhd 2021/05/26.22:09:51 P.20131013
EN work/BCDto7seg 1622043535 \
      FL C:/Users/benzs/Documents/GitHub/CWH_CountingStore/fgpa/BCDto7seg.vhd \
      PB ieee/std_logic_1164 1381692176
AR work/BCDto7seg/Behavioral 1622043536 \
      FL C:/Users/benzs/Documents/GitHub/CWH_CountingStore/fgpa/BCDto7seg.vhd \
      EN work/BCDto7seg 1622043535
FL C:/Users/benzs/Documents/GitHub/CWH_CountingStore/fgpa/Decoder1to2.vhd 2021/05/26.22:12:59 P.20131013
EN work/Decoder1to2 1622043539 \
      FL C:/Users/benzs/Documents/GitHub/CWH_CountingStore/fgpa/Decoder1to2.vhd \
      PB ieee/std_logic_1164 1381692176
AR work/Decoder1to2/Behavioral 1622043540 \
      FL C:/Users/benzs/Documents/GitHub/CWH_CountingStore/fgpa/Decoder1to2.vhd \
      EN work/Decoder1to2 1622043539
FL C:/Users/benzs/Documents/GitHub/CWH_CountingStore/fgpa/Display.vhd 2021/05/26.22:33:53 P.20131013
EN work/Display 1622043537 \
      FL C:/Users/benzs/Documents/GitHub/CWH_CountingStore/fgpa/Display.vhd \
      PB ieee/std_logic_1164 1381692176
AR work/Display/Behavioral 1622043538 \
      FL C:/Users/benzs/Documents/GitHub/CWH_CountingStore/fgpa/Display.vhd \
      EN work/Display 1622043537 CP MUX2_4bit CP BCDto7seg
FL C:/Users/benzs/Documents/GitHub/CWH_CountingStore/fgpa/main.vhd 2021/05/26.22:38:48 P.20131013
EN work/main 1622043541 \
      FL C:/Users/benzs/Documents/GitHub/CWH_CountingStore/fgpa/main.vhd \
      PB ieee/std_logic_1164 1381692176
AR work/main/Behavioral 1622043542 \
      FL C:/Users/benzs/Documents/GitHub/CWH_CountingStore/fgpa/main.vhd \
      EN work/main 1622043541 CP UP_DOWNCOUNTER15 CP Display CP Decoder1to2
FL C:/Users/benzs/Documents/GitHub/CWH_CountingStore/fgpa/MUX2_4bit.vhd 2021/05/26.22:24:54 P.20131013
EN work/MUX2_4bit 1622043533 \
      FL C:/Users/benzs/Documents/GitHub/CWH_CountingStore/fgpa/MUX2_4bit.vhd \
      PB ieee/std_logic_1164 1381692176
AR work/MUX2_4bit/Behavioral 1622043534 \
      FL C:/Users/benzs/Documents/GitHub/CWH_CountingStore/fgpa/MUX2_4bit.vhd \
      EN work/MUX2_4bit 1622043533
FL C:/Users/benzs/Documents/GitHub/CWH_CountingStore/fgpa/UP_DOWNCOUNT15.vhd 2021/05/26.22:32:13 P.20131013
EN work/UP_DOWNCOUNT15 1622043519 \
      FL C:/Users/benzs/Documents/GitHub/CWH_CountingStore/fgpa/UP_DOWNCOUNT15.vhd \
      PB ieee/std_logic_1164 1381692176 PB ieee/STD_LOGIC_UNSIGNED 1381692179 \
      PB ieee/NUMERIC_STD 1381692181
AR work/UP_DOWNCOUNT15/Behavioral 1622043520 \
      FL C:/Users/benzs/Documents/GitHub/CWH_CountingStore/fgpa/UP_DOWNCOUNT15.vhd \
      EN work/UP_DOWNCOUNT15 1622043519
